Timestamp,ClassName,Confidence,X1,Y1,X2,Y2,Snapshot
2026-10-04 17:49:26,person,0.837,640,240,683,322,20261004_174926.jpg
2026-10-04 17:49:26,person,0.832,253,219,282,308,20261004_174926.jpg
2026-10-04 17:49:26,person,0.812,499,156,530,231,20261004_174926.jpg
2026-10-04 17:49:28,person,0.844,685,271,723,376,20261004_174928.jpg
2026-10-04 17:49:28,person,0.821,362,191,397,276,20261004_174928.jpg
2026-10-04 17:49:28,person,0.803,726,272,756,368,20261004_174928.jpg
2026-10-04 17:49:28,person,0.776,438,232,480,317,20261004_174928.jpg
2026-10-04 17:49:30,person,0.783,586,237,624,334,20261004_174930.jpg
2026-10-04 17:49:30,person,0.776,373,179,399,258,20261004_174930.jpg
2026-10-04 17:49:30,person,0.768,616,233,645,328,20261004_174930.jpg
2026-10-04 17:49:30,person,0.691,394,182,424,262,20261004_174930.jpg
2026-10-04 17:49:32,person,0.870,470,206,511,297,20261004_174932.jpg
2026-10-04 17:49:32,person,0.819,633,240,663,348,20261004_174932.jpg
2026-10-04 17:49:32,person,0.749,514,206,548,288,20261004_174932.jpg
2026-10-04 17:49:32,person,0.678,377,173,402,257,20261004_174932.jpg
2026-10-04 17:49:34,person,0.851,478,183,505,265,20261004_174934.jpg
2026-10-04 17:49:34,person,0.833,442,185,470,268,20261004_174934.jpg
2026-10-04 17:49:34,person,0.800,579,200,610,300,20261004_174934.jpg
2026-10-04 17:49:34,person,0.766,371,179,399,260,20261004_174934.jpg
2026-10-04 17:49:34,person,0.730,267,169,299,237,20261004_174934.jpg
2026-10-04 17:49:36,person,0.901,573,164,606,251,20261004_174936.jpg
2026-10-04 17:49:36,person,0.871,470,154,497,227,20261004_174936.jpg
2026-10-04 17:49:36,person,0.861,378,177,411,257,20261004_174936.jpg
2026-10-04 17:49:36,person,0.851,498,159,525,229,20261004_174936.jpg
2026-10-04 17:49:36,person,0.760,305,190,340,265,20261004_174936.jpg
2026-10-04 17:49:38,person,0.840,526,138,551,205,20261004_174938.jpg
2026-10-04 17:49:38,person,0.796,616,140,646,217,20261004_174938.jpg
2026-10-04 17:49:38,person,0.796,372,176,402,253,20261004_174938.jpg
2026-10-04 17:49:38,person,0.663,192,63,209,101,20261004_174938.jpg
2026-10-04 17:49:40,person,0.821,610,126,631,187,20261004_174940.jpg
2026-10-04 17:49:40,person,0.812,587,121,611,184,20261004_174940.jpg
2026-10-04 17:49:40,person,0.788,383,182,405,262,20261004_174940.jpg
2026-10-04 17:49:40,person,0.788,587,222,612,305,20261004_174940.jpg
2026-10-04 17:49:40,person,0.703,674,122,701,191,20261004_174940.jpg
2026-10-04 17:49:40,person,0.685,608,204,647,293,20261004_174940.jpg
2026-10-04 17:49:43,person,0.805,608,230,640,321,20261004_174943.jpg
2026-10-04 17:49:43,person,0.790,632,109,653,168,20261004_174943.jpg
2026-10-04 17:49:43,person,0.765,388,192,413,275,20261004_174943.jpg
2026-10-04 17:49:43,person,0.750,455,180,496,259,20261004_174943.jpg
2026-10-04 17:49:43,person,0.709,712,109,729,177,20261004_174943.jpg
2026-10-04 17:49:43,person,0.697,651,114,673,170,20261004_174943.jpg
2026-10-04 17:49:43,person,0.680,80,87,94,126,20261004_174943.jpg
2026-10-04 17:49:45,person,0.785,666,101,689,158,20261004_174945.jpg
2026-10-04 17:49:45,person,0.772,504,206,533,291,20261004_174945.jpg
2026-10-04 17:49:45,person,0.754,647,119,671,188,20261004_174945.jpg
2026-10-04 17:49:45,person,0.747,689,108,711,158,20261004_174945.jpg
2026-10-04 17:49:45,person,0.743,448,211,484,307,20261004_174945.jpg
2026-10-04 17:49:45,person,0.730,301,167,333,240,20261004_174945.jpg
2026-10-04 17:49:47,person,0.816,299,208,340,289,20261004_174947.jpg
2026-10-04 17:49:47,person,0.815,538,234,571,328,20261004_174947.jpg
2026-10-04 17:49:47,person,0.802,631,226,676,317,20261004_174947.jpg
2026-10-04 17:49:47,person,0.755,154,158,186,225,20261004_174947.jpg
2026-10-04 17:49:47,person,0.731,556,134,582,207,20261004_174947.jpg
2026-10-04 17:49:47,person,0.728,682,99,699,154,20261004_174947.jpg
2026-10-04 17:49:47,person,0.713,708,103,724,154,20261004_174947.jpg
2026-10-04 17:49:49,person,0.847,644,285,693,395,20261004_174949.jpg
2026-10-04 17:49:49,person,0.829,450,150,488,228,20261004_174949.jpg
2026-10-04 17:49:49,person,0.801,670,101,692,156,20261004_174949.jpg
2026-10-04 17:49:49,person,0.791,735,265,767,371,20261004_174949.jpg
2026-10-04 17:49:49,person,0.773,50,149,81,211,20261004_174949.jpg
2026-10-04 17:49:49,person,0.726,185,186,209,258,20261004_174949.jpg
2026-10-04 17:49:49,person,0.719,695,109,713,157,20261004_174949.jpg
2026-10-04 17:49:51,person,0.810,701,226,733,312,20261004_174951.jpg
2026-10-04 17:49:51,person,0.767,533,285,578,398,20261004_174951.jpg
2026-10-04 17:49:51,person,0.761,61,180,95,249,20261004_174951.jpg
2026-10-04 17:49:51,person,0.734,652,108,675,170,20261004_174951.jpg
2026-10-04 17:49:51,person,0.704,675,119,695,168,20261004_174951.jpg
2026-10-04 17:49:51,person,0.668,325,159,353,239,20261004_174951.jpg
2026-10-04 17:49:53,person,0.823,636,263,675,371,20261004_174953.jpg
2026-10-04 17:49:53,person,0.818,634,117,660,180,20261004_174953.jpg
2026-10-04 17:49:53,person,0.817,589,193,614,273,20261004_174953.jpg
2026-10-04 17:49:53,person,0.781,224,153,244,229,20261004_174953.jpg
2026-10-04 17:49:53,person,0.751,408,243,459,342,20261004_174953.jpg
2026-10-04 17:49:53,person,0.751,37,176,62,244,20261004_174953.jpg
2026-10-04 17:49:53,person,0.665,666,122,686,181,20261004_174953.jpg
